// Jest Snapshot v1, https://goo.gl/fbAQLP

exports[`Colorbands Snapshot test Should compare the component with a snapshot 1`] = `
<div
  className="colorbands"
>
  <div
    className="colorband"
  >
    <label
      className="label"
      htmlFor="band0"
    >
      Color Band A
    </label>
    <select
      className="colorselector brown"
      id="band0"
      onInput={[Function]}
    >
      <option
        className="coloroption brown"
        value="Brown"
      >
        Brown  (1)
      </option>
      <option
        className="coloroption red"
        value="Red"
      >
        Red  (2)
      </option>
      <option
        className="coloroption orange"
        value="Orange"
      >
        Orange  (3)
      </option>
      <option
        className="coloroption yellow"
        value="Yellow"
      >
        Yellow  (4)
      </option>
      <option
        className="coloroption green"
        value="Green"
      >
        Green  (5)
      </option>
      <option
        className="coloroption blue"
        value="Blue"
      >
        Blue  (6)
      </option>
      <option
        className="coloroption violet"
        value="Violet"
      >
        Violet  (7)
      </option>
      <option
        className="coloroption gray"
        value="Gray"
      >
        Gray  (8)
      </option>
      <option
        className="coloroption white"
        value="White"
      >
        White  (9)
      </option>
    </select>
  </div>
</div>
`;
